[vineethack.vercel.app/minesnew/Mines.html]
[backblue.gif]
[fade.gif]
[index.html]
[vineethack.vercel.app/minesnew/Mines_files/onewinTheme.F-k6a.css]
[vineethack.vercel.app/minesnew/Mines_files/style.F-k6a.2.delayed]
[vineethack.vercel.app/minesnew/Mines_files/main.6dec43056a374f49c836.3.delayed]
[vineethack.vercel.app/minesnew/Mines_files/ab564c2dbbe039da8cb5.woff2]
[vineethack.vercel.app/minesnew/Mines_files/mirage2.min.5.delayed]
[vineethack.vercel.app/minesnew/Mines_files/logo.png]
[vineethack.vercel.app/minesnew/Mines_files/header-logo-game.png]
[vineethack.vercel.app/minesnew/Mines_files/cover.svg]
[vineethack.vercel.app/minesnew/Mines.html]
[vineethack.vercel.app/minesnew/Mines_files/onewinTheme.F-k6a.css]
[vineethack.vercel.app/minesnew/Mines_files/style.F-k6a.html]
[vineethack.vercel.app/minesnew/Mines_files/main.6dec43056a374f49c836.html]
[vineethack.vercel.app/minesnew/Mines_files/mirage2.min.html]
[vineethack.vercel.app/minesnew/Mines_files/cover.svg]
[vineethack.vercel.app/minesnew/script.js]
